// Jest Snapshot v1, https://goo.gl/fbAQLP

exports[`Render página de login carrega a página 1`] = `
<div>
  
    
  <section
    class="login"
  >
    
      
    <img
      alt="logo da  página"
      class="img-logo"
      src="../img/Logo.jpeg"
    />
    
      
    <form>
      
      
      <div>
        
          
        <input
          id="inputEmail"
          placeholder="Email"
          type="email"
        />
        
      
      </div>
      
      
      <div>
        
          
        <input
          id="inputSenha"
          placeholder="Senha"
          type="password"
        />
        
      
      </div>
      
      
      <button
        id="btnEmail"
      >
        Fazer login com Email
      </button>
      
      
      <button
        id="btnCriar"
      >
        Criar conta
      </button>
      
      
    </form>
    
      
    <button
      id="btnGoogle"
    >
      Fazer login com o Google
    </button>
    
      
    <button
      id="btnFacebook"
    >
      Fazer login com o Facebook
    </button>
    
    
  </section>
  
  
</div>
`;
